// Jest Snapshot v1, https://goo.gl/fbAQLP

exports[`Radio demo test 1`] = `
Array [
  <div
    className=""
  >
    <label
      className="ucee-radio__wrapper"
    >
      <span
        className="ucee-radio"
      >
        <input
          className="ucee-radio__input"
          type="radio"
        />
        <span
          className="ucee-radio__inner"
        >
          <i
            className="ucee-radio__inner-active"
          />
        </span>
      </span>
      <span
        className="ucee-radio__text"
      >
        单选按钮
      </span>
    </label>
  </div>,
  <div
    className=""
  >
    <label
      className="ucee-radio__wrapper"
    >
      <span
        className="ucee-radio"
      >
        <input
          className="ucee-radio__input"
          type="radio"
        />
        <span
          className="ucee-radio__inner"
          style={
            Object {
              "color": "red",
            }
          }
        >
          <i
            className="ucee-radio__inner-active"
            style={
              Object {
                "background": "red",
              }
            }
          />
        </span>
      </span>
      <span
        className="ucee-radio__text"
      >
        自定义颜色
      </span>
    </label>
  </div>,
  <div
    className=""
  >
    <label
      className="ucee-radio__wrapper"
    >
      <span
        className="ucee-radio"
      >
        <input
          className="ucee-radio__input"
          type="radio"
          value="myValue"
        />
        <span
          className="ucee-radio__inner"
        >
          <i
            className="ucee-radio__inner-active"
          />
        </span>
      </span>
      <span
        className="ucee-radio__text"
      >
        自定值
      </span>
    </label>
  </div>,
  <div
    className="ucee-radio--disabled"
  >
    <label
      className="ucee-radio__wrapper"
    >
      <span
        className="ucee-radio"
      >
        <input
          className="ucee-radio__input"
          disabled={true}
          type="radio"
        />
        <span
          className="ucee-radio__inner"
          style={
            Object {
              "color": "#c8c9cc",
            }
          }
        >
          <i
            className="ucee-radio__inner-active"
            style={
              Object {
                "background": "#c8c9cc",
              }
            }
          />
        </span>
      </span>
      <span
        className="ucee-radio__text"
      >
        禁止点击
      </span>
    </label>
  </div>,
  <div
    className="ucee-radio--disabled ucee-radio--checked"
  >
    <label
      className="ucee-radio__wrapper"
    >
      <span
        className="ucee-radio"
      >
        <input
          className="ucee-radio__input"
          defaultChecked={true}
          disabled={true}
          type="radio"
        />
        <span
          className="ucee-radio__inner"
          style={
            Object {
              "color": "#c8c9cc",
            }
          }
        >
          <i
            className="ucee-radio__inner-active"
            style={
              Object {
                "background": "#c8c9cc",
              }
            }
          />
        </span>
      </span>
      <span
        className="ucee-radio__text"
      >
        禁止点击
      </span>
    </label>
  </div>,
  <div
    className="ucee-radio--checked"
  >
    <label
      className="ucee-radio__wrapper"
    >
      <span
        className="ucee-radio"
      >
        <input
          className="ucee-radio__input"
          defaultChecked={true}
          type="radio"
        />
        <span
          className="ucee-radio__inner"
        >
          <i
            className="ucee-radio__inner-active"
          />
        </span>
      </span>
      <span
        className="ucee-radio__text"
      >
        默认选中
      </span>
    </label>
  </div>,
  <div
    className="ucee-radio--checked"
  >
    <label
      className="ucee-radio__wrapper"
    >
      <span
        className="ucee-radio"
      >
        <input
          className="ucee-radio__input"
          defaultChecked={true}
          type="radio"
        />
        <span
          className="ucee-radio__inner"
        >
          <i
            className="ucee-radio__inner-active"
          />
        </span>
      </span>
      <span
        className="ucee-radio__text"
      >
        默认选中
      </span>
    </label>
  </div>,
  <div
    className=""
  >
    <label
      className="ucee-radio__wrapper"
    >
      <span
        className="ucee-radio"
      >
        <input
          className="ucee-radio__input"
          type="radio"
        />
        <span
          className="ucee-radio__inner"
          style={
            Object {
              "height": "24px",
              "width": "24px",
            }
          }
        >
          <i
            className="ucee-radio__inner-active"
            style={
              Object {
                "height": "12px",
                "width": "12px",
              }
            }
          />
        </span>
      </span>
      <span
        className="ucee-radio__text"
      >
        自定义大小
      </span>
    </label>
  </div>,
  <div
    className="ucee-radio--square"
  >
    <label
      className="ucee-radio__wrapper"
    >
      <span
        className="ucee-radio"
      >
        <input
          className="ucee-radio__input"
          type="radio"
        />
        <span
          className="ucee-radio__inner"
        >
          <i
            className="ucee-radio__inner-custome"
          >
            <i
              className="ucee-icon ucee-icon-right"
              style={
                Object {
                  "fontSize": "20px",
                }
              }
            />
          </i>
        </span>
      </span>
      <span
        className="ucee-radio__text"
      >
        方形radio
      </span>
    </label>
  </div>,
  <div
    className="ucee-radio--square"
  >
    <label
      className="ucee-radio__wrapper"
    >
      <span
        className="ucee-radio"
      >
        <input
          className="ucee-radio__input"
          type="radio"
        />
        <span
          className="ucee-radio__inner"
          style={
            Object {
              "height": "25px",
              "width": "25px",
            }
          }
        >
          <i
            className="ucee-radio__inner-custome"
          >
            <i
              className="ucee-icon ucee-icon-right"
              style={
                Object {
                  "fontSize": "25px",
                }
              }
            />
          </i>
        </span>
      </span>
      <span
        className="ucee-radio__text"
      >
        方形自定义大小
      </span>
    </label>
  </div>,
  <div
    className=""
  >
    <label
      className="ucee-radio__wrapper"
    >
      <span
        className="ucee-radio"
      >
        <input
          className="ucee-radio__input"
          type="radio"
        />
        <span
          className="ucee-radio__inner"
        >
          <div
            className="ucee-radio__inner-custome"
          >
            <i
              className="ucee-icon ucee-icon-like"
              style={
                Object {
                  "fontSize": "15px",
                }
              }
            />
          </div>
        </span>
      </span>
      <span
        className="ucee-radio__text"
      >
        自定义选中形状
      </span>
    </label>
  </div>,
  <div
    className="ucee-radio--square"
  >
    <label
      className="ucee-radio__wrapper"
    >
      <span
        className="ucee-radio"
      >
        <input
          className="ucee-radio__input"
          type="radio"
        />
        <span
          className="ucee-radio__inner"
        >
          <div
            className="ucee-radio__inner-custome"
          >
            <i
              className="ucee-icon ucee-icon-like"
              style={
                Object {
                  "fontSize": "15px",
                }
              }
            />
          </div>
        </span>
      </span>
      <span
        className="ucee-radio__text"
      >
        自定义选中形状
      </span>
    </label>
  </div>,
]
`;
